CMPT214 Assignment 3 - Nov 21 2018
Tyrel Kostyk - tck290 - 11216033

###############################################


#### Start with some of the same tests as given in succeeding_cases_log.txt ####
#### My own succeeding cases are after this set ####

1.
## program should succeed, output '0'
tyrel@tyrel-ThinkPad-Edge-E440 ~/school-repos/CMPT214/a3 $ ./time_calc conv 0y0n0d0h0m0s
0
# test successful


2.
## program should succeed, output '0'
tyrel@tyrel-ThinkPad-Edge-E440 ~/school-repos/CMPT214/a3 $ ./time_calc conv 00y00n00d00h00m00s
0
# test successful


3.
## program should succeed, output '37091100'
tyrel@tyrel-ThinkPad-Edge-E440 ~/school-repos/CMPT214/a3 $ ./time_calc conv '01y 02n  03d   4h     5m00s '
37091100
## test successful


4.
# program should succeed, output '0y 0n 0d 0h23m20s'
tyrel@tyrel-ThinkPad-Edge-E440 ~/school-repos/CMPT214/a3 $ ./time_calc conv '  1400'
0y 0n 0d 0h 23m 20s
## test successful


5.
## program should succeed, output '34277461'
tyrel@tyrel-ThinkPad-Edge-E440 ~/school-repos/CMPT214/a3 $ ./time_calc conv 1y1n1d1h1m1s
34277461
## test successful


6.
## program should succeed, output '1y 1n 1d 1h 1m 1s'
tyrel@tyrel-ThinkPad-Edge-E440 ~/school-repos/CMPT214/a3 $ ./time_calc conv 34277461
1y 1n 1d 1h 1m 1s
## test successful


7.
## program should succeed, output '3155759999'
tyrel@tyrel-ThinkPad-Edge-E440 ~/school-repos/CMPT214/a3 $ ./time_calc conv 99y11n30d10h29m59s
3155759999
## test successful


8.
## program should succeed, output '99y 11n 30d 10h 29m 59s'
tyrel@tyrel-ThinkPad-Edge-E440 ~/school-repos/CMPT214/a3 $ ./time_calc 
99y 11n 30d 10h 29m 59s
## test successful


9.
## program should succeed, output '1y 1n 1d 1h 1m 2s'
tyrel@tyrel-ThinkPad-Edge-E440 ~/school-repos/CMPT214/a3 $ ./time_calc add 34277461 1
1y 1n 1d 1h 1m 2s
## test successful


10.
## program should succeed, output '1y 1n 1d 1h 1m 0s'
tyrel@tyrel-ThinkPad-Edge-E440 ~/school-repos/CMPT214/a3 $ ./time_calc subt 34277461 1
1y 1n 1d 1h 1m 0s
## test successful


11.
## program should succeed, times are equal
tyrel@tyrel-ThinkPad-Edge-E440 ~/school-repos/CMPT214/a3 $ ./time_calc comp 34277461 '1y 1n 1d 1h 1m 1s'
equal
## test successful


12.
## program should succeed, first time is less
tyrel@tyrel-ThinkPad-Edge-E440 ~/school-repos/CMPT214/a3 $ ./time_calc comp 34277460 '1y 1n 1d 1h 1m 1s'
less
## test successful


13.
## program should succeed, first time is greater
tyrel@tyrel-ThinkPad-Edge-E440 ~/school-repos/CMPT214/a3 $ ./time_calc comp 44277461 '0y 1n 1d 1h 1m 0s'
greater
## test successful


14.
## program should succeed, output '1y 1n 1d 1h 1m 1s'
tyrel@tyrel-ThinkPad-Edge-E440 ~/school-repos/CMPT214/a3 $ ./time_calc subt '2y2n2d2h2m2s' '1y 1n 1d 1h 1m 1s'
1y 1n 1d 1h 1m 1s
## test successful


15.
## program should succeed, output '1y 0n 0d 0h 0m 0s'
tyrel@tyrel-ThinkPad-Edge-E440 ~/school-repos/CMPT214/a3 $ ./time_calc conv 31557600
1y 0n 0d 0h 0m 0s
## test successful


16.
## program should succeed, output '0y 1n 0d 0h 0m 0s'
tyrel@tyrel-ThinkPad-Edge-E440 ~/school-repos/CMPT214/a3 $ ./time_calc conv 2629800
0y 1n 0d 0h 0m 0s
## test successful



#### Now my own homemade SUCCEEDING Test Cases ####

17.
## test leading zeros on conv operation; output '0y 0n 0d 0h 0m 1s'
tyrel@tyrel-ThinkPad-Edge-E440 ~/school-repos/CMPT214/a3 $ ./time_calc conv 0000000000001
0y 0n 0d 0h 0m 1s
## test successful


18.
## test leading spaces on conv operation; output '0y 0n 0d 0h 0m 5s'
tyrel@tyrel-ThinkPad-Edge-E440 ~/school-repos/CMPT214/a3 $ ./time_calc conv "        5"
0y 0n 0d 0h 0m 5s
## test successful


19.
## test leading spaces & zeros on conv operation; output '0y 0n 0d 0h 0m 9s'
tyrel@tyrel-ThinkPad-Edge-E440 ~/school-repos/CMPT214/a3 $ ./time_calc conv "        00000009"
0y 0n 0d 0h 0m 9s
## test successful


20.
## test leading spaces & zeroes on conv from time_spec; output '3153262850'
tyrel@tyrel-ThinkPad-Edge-E440 ~/school-repos/CMPT214/a3 $ ./time_calc conv "     000099y11n1d12h50m50s"
3153262850
## test successful


21.
## test adding almost max value and low value (equalling actual max value); output '99y 11n 30d 10h 29m 59s'
tyrel@tyrel-ThinkPad-Edge-E440 ~/school-repos/CMPT214/a3 $ ./time_calc add 3155759990 9
99y 11n 30d 10h 29m 59s
## test successful


22.
## test subtracting small number from large number (and leading zeros); output '99y 11n 29d 6h 43m 20s'
tyrel@tyrel-ThinkPad-Edge-E440 ~/school-repos/CMPT214/a3 $ ./time_calc subt 00000000000000000000003155759999 00000099999
99y 11n 29d 6h 43m 20s
## test successful


23.
## Test subtracting a ton of zeros from each other; output '0y 0n 0d 0h 0m 0s'
tyrel@tyrel-ThinkPad-Edge-E440 ~/school-repos/CMPT214/a3 $ ./time_calc subt 0000000000000000 00000000
0y 0n 0d 0h 0m 0s
## test successful


24.
## Test comparing two chunks of zeroes to each other; output 'equal'
tyrel@tyrel-ThinkPad-Edge-E440 ~/school-repos/CMPT214/a3 $ ./time_calc comp 00000000000 0000000000000000000000000000000
equal
## test successful


25.
## test comparing a larger number to a smaller number with more leading/trailing zeroes & spaces; output 'greater'
tyrel@tyrel-ThinkPad-Edge-E440 ~/school-repos/CMPT214/a3 $ ./time_calc comp 11y1n1d1h1m1s "       00000000000000000000000000y10n10d10h10m10s            "
greater
## test successful


26. 
## test comparing a smaller number to a larger time_spec, both with leading/trailing zeroes & spaces; output 'less'
tyrel@tyrel-ThinkPad-Edge-E440 ~/school-repos/CMPT214/a3 $ ./time_calc comp "      00000000042" "0000011y0n0d0h0m0s       "
less
## test successful


27.
## Test using the help command directly; output is the Help (usage) statements, printed to stdout
tyrel@tyrel-ThinkPad-Edge-E440 ~/school-repos/CMPT214/a3 $ ./time_calc help
Usage: time_calc help
 time_calc conv 
 time_calc {add,subt,comp} 
## test successful


####
#### Start with some of the same tests as given in failing_cases_log.txt ####
####

28.
## program should fail, legal second limit exceeded; also spits an error when it tries to evaluate it as a time_spec. Then specifies that it failed on a conv operation.
tyrel@tyrel-ThinkPad-Edge-E440 ~/school-repos/CMPT214/a3 $ ./time_calc conv 3155760000Error: Over Maximum Legal Seconds Value
Error: Incorrect time_spec (1 values read)
Error: Incorrect conv Input!
## test successful


29.
## program should fail, limit exceeded
tyrel@tyrel-ThinkPad-Edge-E440 ~/school-repos/CMPT214/a3 $ ./time_calc conv 99y11n30d10h30m00s
Error: time_spec yields illegal amount of seconds
## test successful


30.
## program should fail, not enough arguments
tyrel@tyrel-ThinkPad-Edge-E440 ~/school-repos/CMPT214/a3 $ ./time_calc conv
Error: time_calc requires at least two func arguments.
Usage: time_calc help
 time_calc conv <time>
 time_calc {add,subt,comp} <time1> <time2>
## test successful


31.
## program should fail, too many arguments
tyrel@tyrel-ThinkPad-Edge-E440 ~/school-repos/CMPT214/a3 $ ./time_calc conv 1y1n1d1h1m1s 34277461
Error: 3 func args, but no add/subt/comp args.
Usage: time_calc help
 time_calc conv <time>
 time_calc {add,subt,comp} <time1> <time2>
## test successful


32.
## program should fail, no command given
tyrel@tyrel-ThinkPad-Edge-E440 ~/school-repos/CMPT214/a3 $ ./time_calc '2y2n2d2h2m2s' '1y 1n 1d 1h 1m 1s'
Error: 2 func args, no conv arg given.
Usage: time_calc help
 time_calc conv <time>
 time_calc {add,subt,comp} <time1> <time2>
## test successful


33.
## program should fail, too many arguments
tyrel@tyrel-ThinkPad-Edge-E440 ~/school-repos/CMPT214/a3 $ ./time_calc comp '2y2n2d2h2m2s' '1y 1n 1d 1h 1m 1s' 146834
Error: time_calc requires no more than 4 arguments.
Usage: time_calc help
 time_calc conv <time>
 time_calc {add,subt,comp} <time1> <time2>
## test successful


34.
## program should fail, time outside of range
tyrel@tyrel-ThinkPad-Edge-E440 ~/school-repos/CMPT214/a3 $ ./time_calc conv '99y 11n 30d 23h 59m 58s'
Error: time_spec yields illegal amount of seconds
## test successful


35.
## program should fail, malformed time spec
bash-4.4$ ./time_calc conv  0n0d0h0m0s
error: '0n0d0h0m0s' is not a valid time spec
## test successful


36.
## program should fail, malformed time spec
tyrel@tyrel-ThinkPad-Edge-E440 ~/school-repos/CMPT214/a3 $ ./time_calc conv  0n0d0h0m0s
Error: Incorrect time_spec (1 values read)
Error: Incorrect conv Input!
## test successful


37.
## program should fail, time outside of range
bash-4.4$ ./time_calc conv '100y 11n 30d 23h 59m 54s'
error: years outside of valid range
## test successful


38.
## program should fail, time field outside of range
tyrel@tyrel-ThinkPad-Edge-E440 ~/school-repos/CMPT214/a3 $ ./time_calc conv '100y 11n 30d 23h 59m 54s'
Error: Improper time_spec bounds given.
Error: Incorrect conv Input!
## test successful


39.
## program should fail, malformed time spec
tyrel@tyrel-ThinkPad-Edge-E440 ~/school-repos/CMPT214/a3 $ ./time_calc conv  99y11n30d23h59m57sfoobar
Error: Incorrect time_spec (8 values read)
Error: Incorrect conv Input!
## test successful


40.
## program should fail, malformed time spec
tyrel@tyrel-ThinkPad-Edge-E440 ~/school-repos/CMPT214/a3 $ ./time_calc conv  0s0m0h
Error: Incorrect time_spec (1 values read)
Error: Incorrect conv Input!
## test successful


41.
## program should fail, time field outside of range
tyrel@tyrel-ThinkPad-Edge-E440 ~/school-repos/CMPT214/a3 $ ./time_calc conv '1y 1n 30d 23h 59m 100s  '
Error: Improper time_spec bounds given.
Error: Incorrect conv Input!
## test successful


42.
## program should fail, malformed time spec
tyrel@tyrel-ThinkPad-Edge-E440 ~/school-repos/CMPT214/a3 $ ./time_calc conv '-1y 2n 3d 4h 5m 6s'
Error: Improper time_spec bounds given.
Error: Incorrect conv Input!
## test successful


43.
## program should fail, malformed time spec
tyrel@tyrel-ThinkPad-Edge-E440 ~/school-repos/CMPT214/a3 $ ./time_calc conv '1y -2n 3d 4h 5m 6s'
Error: Improper time_spec bounds given.
Error: Incorrect conv Input!
## test successful


44.
## program should fail, malformed number of seconds
tyrel@tyrel-ThinkPad-Edge-E440 ~/school-repos/CMPT214/a3 $ ./time_calc conv -100Illegal values in seconds input
Error: Incorrect time_spec (1 values read)
Error: Incorrect conv Input!
## test successful


45.
## program should fail, addition would result in exceeding limit
tyrel@tyrel-ThinkPad-Edge-E440 ~/school-repos/CMPT214/a3 $ ./time_calc add 99y11n30d10h29m59s 1
Illegal values in seconds input
Error: add operation failed. Result too big! :o
## test successful


46.
## program should fail, would result in negative time value (Note: "Illegal seconds value" error due to it checking as if it were a seconds input, before checking for time_spec legality)
tyrel@tyrel-ThinkPad-Edge-E440 ~/school-repos/CMPT214/a3 $ ./time_calc subt '1y 1n 1d 1h 1m 0s' 34277461
Illegal values in seconds input
Error: subt operation failed, Result is Negative.
## test successful


47.
## program should fail, addition would result in exceeding limit
tyrel@tyrel-ThinkPad-Edge-E440 ~/school-repos/CMPT214/a3 $ ./time_calc add 69y1n3d1h29m45s 74y1n1d1h5m16s
Illegal values in seconds input
Illegal values in seconds input
Error: add operation failed. Result too big! :o
## test successful


48.
## program should fail, second argument is malformed
tyrel@tyrel-ThinkPad-Edge-E440 ~/school-repos/CMPT214/a3 $ ./time_calc comp 345 674q
Illegal values in seconds input
Error: Incorrect time_spec (1 values read)
Error: Unable to get_time_arg - Incorrect Input!
Error: Invalid time inputs on comp function.
## test successful


49.
## program should fail, fields of time spec are out-of-order
tyrel@tyrel-ThinkPad-Edge-E440 ~/school-repos/CMPT214/a3 $ ./time_calc add 3678 6n2y4h36s0m13d
Illegal values in seconds input
Error: Incorrect time_spec (1 values read)
Error: Unable to get_time_arg - Incorrect Input!
Error: Invalid time inputs on add function.
## test successful


#### Now my own homemade FAILING Test Cases ####

50.
## test too few arguments (call help indirectly); output will be 'Error: time_calc requires at least func two arguments.' plus usage output
tyrel@tyrel-ThinkPad-Edge-E440 ~/school-repos/CMPT214/a3 $ ./time_calc hi
Error: time_calc requires at least func two arguments.
Usage: time_calc help
 time_calc conv 
 time_calc {add,subt,comp} 
## test successful


51.
## test improper conv call (calling help indirectly); output 'Error: time_calc requires at least two func arguments.' plus usage output
tyrel@tyrel-ThinkPad-Edge-E440 ~/school-repos/CMPT214/a3 $ ./time_calc conv
Error: time_calc requires at least two func arguments.
Usage: time_calc help
 time_calc conv
 time_calc {add,subt,comp}
## test successful


52. 
## test too many arguments (help indirectly); output 'Error: time_calc requires no more than 4 arguments.' plus usage output
tyrel@tyrel-ThinkPad-Edge-E440 ~/school-repos/CMPT214/a3 $ ./time_calc add time1 234 234
Error: time_calc requires no more than 4 arguments.
Usage: time_calc help
 time_calc conv 
 time_calc {add,subt,comp} 
## test successful


53.
## test conv with negative time_spec values; output Error for time_spec bounds & improper conv input
tyrel@tyrel-ThinkPad-Edge-E440 ~/school-repos/CMPT214/a3 $ ./time_calc conv -2y1n1d1h1m1s
Error: Improper time_spec bounds given.
Error: Incorrect conv Input!
## test successful


54.
## test adding with negative time_spec values; errors for time_spec bounds, unable to get time args from them, and invalid inputs on add function 
tyrel@tyrel-ThinkPad-Edge-E440 ~/school-repos/CMPT214/a3 $ ./time_calc add -2y1n1d1h1m1s 11
Error: Improper time_spec bounds given.
Error: Unable to get_time_arg - Incorrect Input!
Error: Invalid time inputs on add function.
## test successful


55.
## test adding over maximum value; output error for result too big
tyrel@tyrel-ThinkPad-Edge-E440 ~/school-repos/CMPT214/a3 $ ./time_calc add 3155759999 3155759999
Error: add operation failed. Result too big! :o
## test successful


56.
## test adding illegal seconds; output errors for over legal seconds, invalid add inputs, etc
tyrel@tyrel-ThinkPad-Edge-E440 ~/school-repos/CMPT214/a3 $ ./time_calc add 3155760000 25
Error: Over Maximum Legal Seconds Value
Error: Incorrect time_spec (1 values read)
Error: Unable to get_time_arg - Incorrect Input!
Error: Invalid time inputs on add function.
## test successful


57.
## test compare with llegal values; output - lots of errors lol
tyrel@tyrel-ThinkPad-Edge-E440 ~/school-repos/CMPT214/a3 $ ./time_calc comp 3155760000 100y11n30d11h5m50s
Error: Over Maximum Legal Seconds Value
Error: Incorrect time_spec (1 values read)
Error: Unable to get_time_arg - Incorrect Input!
Illegal values in seconds input
Error: Improper time_spec bounds given.
Error: Unable to get_time_arg - Incorrect Input!
Error: Invalid time inputs on comp function.
## test successful















